In expanding ::<Global>
Error on or near line number 18.
Connecting `x' and `xx' failed.
	Type 1: d1of2
	Type 2: new
FATAL: Illegal combination of types
