

/* instances */
bool b;
bool a;
bool c;

/* connections */
a=c;a=b;
