

/* instances */
int<32> b;
int<32> a;

/* connections */
chp {
a:=int((b^9223372036854775808)-9223372036854775808,0x20)
}
