In expanding test (10.act:1)
In expanding ::<Global>
In merging attributes for x and y
FATAL: Attribute `iscomb': inconsistent values
