/* -- declarations -- */
export defproc blk0 (bool? e0[5]; bool! out[5]);

export defproc blk0 (bool? e0[5]; bool! out[5])
{
  spec { hazard(*) }

   /*--- types ---*/
   bool f;
   /*--- connections ---*/
   out[4]=GND;
   out[3]=Vdd;
   out[2]=GND;
   out[1]=GND;
   out[0]=Vdd;
}

