In expanding ::<Global>
Error on or near line number 1.
FATAL: Instance `x': zero-length array creation not permitted
