In expanding foo<>
Channel: a
FATAL: Receive action in multiple concurrent blocks!
