deftype foo (int<32> b);
defproc test ();
function baz (foo f) : foo;

deftype foo (int<32> b)
{

/* instances */

/* connections */
}

defproc test ()
{

/* instances */
foo fuse_0;
foo farg_0;
foo f;
foo x;
foo fret_0;

/* connections */
chp {
*[true -> farg_0:=f;fret_0.b:=farg_0.b=0x0 ? 0x0 : 0x1;fuse_0:=fret_0;x:=fuse_0]
}
}

function baz (foo f) : foo
{

/* instances */

/* connections */
chp {
self.b:=f.b=0x0 ? 0x0 : 0x1
}
}


/* instances */
test t;

/* connections */
