defproc test ();
;

defproc test ()
{

/* instances */
int<32> y;
int<32> x;

/* connections */
chp {
x:=y+1>3 ? y+1+1 : y+1+2
}
}

function addone (int<32> x) : int<32>
{

/* instances */

/* connections */
chp {
[x>3 -> self:=x+1 [] else -> self:=x+2]
}
}


/* instances */
test t;

/* connections */
