defproc test ();
function addone (int<32> x) : mystruct<>;
deftype mystruct (int<32> a; bool b; int<32> c);

defproc test ()
{

/* instances */
int<32> y;
mystruct res;

/* connections */
chp {
res.a:=y+1>3 ? 0+1 : 0;res.b:=y+1>3 ? true : true;res.c:=y+1>3 ? 1 : 0-1
}
}

function addone (int<32> x) : mystruct<>
{

/* instances */
mystruct tmp;

/* connections */
chp {
tmp.a:=0;tmp.b:=true;tmp.c:=1;[x>3 -> tmp.a:=tmp.a+1 [] else -> tmp.c:=tmp.c-1];self:=tmp
}
}

deftype mystruct (int<32> a; bool b; int<32> c)
{

/* instances */

/* connections */
}


/* instances */
test t;

/* connections */
