ERROR: File `86.act', line 6, col 7
	Typechecking failed on expression!
	Channel expression requires an input port
