In expanding testme (91.act:1)
In expanding ::<Global>
Error on or near line number 5.
WARNING: potential write conflict in CHP description
   Variable: `x'
