ERROR: File `37.act', line 10, col 13
	Typechecking failed on expression!
	Identifier `w' has an invalid number of array dimensions (expected 2 v/s 1)
