namespace std {
export defproc ram_316_732_4 (chan(int<2>)? rd; chan(int<4>)? addr; chan(int<32>)? din; chan(int<32>)! dout);

export defproc ram_316_732_4 (chan(int<2>)? rd; chan(int<4>)? addr; chan(int<32>)? din; chan(int<32>)! dout)
{

/* instances */
int<4> a;
int<2> b;
int<32> m[16];

/* connections */
chp {
*[true -> addr?a,rd?b;[b=0x0 -> din?m[a] [] b=0x1 -> dout!m[a] [] b=0x2 -> dout!m[a];din?m[a]]]
}
}


/* instances */

/* connections */
}
defproc test ();

defproc test ()
{

/* instances */
int<32> _memdatv3;
int<32> y;
int<32> x;
::std::ram_316_732_4 mem;
int<32> _memdatv2;
int<32> _memdatv1;

/* connections */
chp {
x:=0x0;mem.addr!x,mem.rd!1,mem.dout?_memdatv1;[_memdatv1>0x0 -> mem.addr!x,mem.rd!1,mem.dout?_memdatv1;mem.addr!4,mem.rd!1,mem.dout?_memdatv2;mem.addr!5,mem.rd!1,mem.dout?_memdatv3;_memdatv1:=_memdatv1+_memdatv2+_memdatv3;mem.addr!y,mem.rd!0,mem.din!_memdatv1]
}
}


/* instances */
test t;

/* connections */
