In expanding testme (45.act:2)
In expanding ::<Global>
Error on or near line number 5.
Receive operation on an output channel.
	Channel: X
